CALIB rust linear_dense_t 64x192x768: 60.38 GFLOPS (1 thread, checksum=-0.625)
RESULT {"impl":"rust","mode":"event","seq_len":64,"batch_size":8,"iters":60,"tokens":30720,"sec":1.4023,"tokens_per_sec":21907.0,"finite":true,"firing_rate":0.084166,"mac_per_token":{"block_dense":1327104,"block_exec":230780,"head":194688,"attn_state":82944,"total_dense":1604736,"total_exec":508412},"skippable_block":0.826103,"skippable_total":0.683181}
RESULT {"impl":"rust","mode":"spiking-dense","seq_len":64,"batch_size":8,"iters":60,"tokens":30720,"sec":2.9418,"tokens_per_sec":10442.5,"finite":true,"firing_rate":0.084166,"mac_per_token":{"block_dense":1327104,"block_exec":1327104,"head":194688,"attn_state":82944,"total_dense":1604736,"total_exec":1604736},"skippable_block":0.000000,"skippable_total":0.000000}
RESULT {"impl":"rust","mode":"dense","seq_len":64,"batch_size":8,"iters":60,"tokens":30720,"sec":2.2842,"tokens_per_sec":13448.8,"finite":true,"firing_rate":0.000000,"mac_per_token":{"block_dense":1327104,"block_exec":1327104,"head":194688,"attn_state":37440,"total_dense":1559232,"total_exec":1559232},"skippable_block":0.000000,"skippable_total":0.000000}
CALIB rust linear_dense_t 64x192x768: 60.66 GFLOPS (1 thread, checksum=-0.625)
RESULT {"impl":"rust","mode":"event","seq_len":64,"batch_size":8,"iters":60,"tokens":30720,"sec":1.3529,"tokens_per_sec":22706.8,"finite":true,"firing_rate":0.070948,"mac_per_token":{"block_dense":1327104,"block_exec":214707,"head":194688,"attn_state":82944,"total_dense":1604736,"total_exec":492339},"skippable_block":0.838214,"skippable_total":0.693196}
RESULT {"impl":"rust","mode":"spiking-dense","seq_len":64,"batch_size":8,"iters":60,"tokens":30720,"sec":2.3754,"tokens_per_sec":12932.7,"finite":true,"firing_rate":0.070948,"mac_per_token":{"block_dense":1327104,"block_exec":1327104,"head":194688,"attn_state":82944,"total_dense":1604736,"total_exec":1604736},"skippable_block":0.000000,"skippable_total":0.000000}
RESULT {"impl":"rust","mode":"dense","seq_len":64,"batch_size":8,"iters":60,"tokens":30720,"sec":2.2863,"tokens_per_sec":13436.7,"finite":true,"firing_rate":0.000000,"mac_per_token":{"block_dense":1327104,"block_exec":1327104,"head":194688,"attn_state":37440,"total_dense":1559232,"total_exec":1559232},"skippable_block":0.000000,"skippable_total":0.000000}
CALIB rust linear_dense_t 64x192x768: 16.27 GFLOPS (1 thread, checksum=-0.625)
RESULT {"impl":"rust","mode":"event","seq_len":64,"batch_size":8,"iters":60,"tokens":30720,"sec":1.3880,"tokens_per_sec":22132.4,"finite":true,"firing_rate":0.084166,"mac_per_token":{"block_dense":1327104,"block_exec":230780,"head":194688,"attn_state":82944,"total_dense":1604736,"total_exec":508412},"skippable_block":0.826103,"skippable_total":0.683181}
RESULT {"impl":"rust","mode":"spiking-dense","seq_len":64,"batch_size":8,"iters":60,"tokens":30720,"sec":2.4023,"tokens_per_sec":12787.9,"finite":true,"firing_rate":0.084166,"mac_per_token":{"block_dense":1327104,"block_exec":1327104,"head":194688,"attn_state":82944,"total_dense":1604736,"total_exec":1604736},"skippable_block":0.000000,"skippable_total":0.000000}
RESULT {"impl":"rust","mode":"dense","seq_len":64,"batch_size":8,"iters":60,"tokens":30720,"sec":2.7044,"tokens_per_sec":11359.1,"finite":true,"firing_rate":0.000000,"mac_per_token":{"block_dense":1327104,"block_exec":1327104,"head":194688,"attn_state":37440,"total_dense":1559232,"total_exec":1559232},"skippable_block":0.000000,"skippable_total":0.000000}
CALIB rust linear_dense_t 64x192x768: 59.64 GFLOPS (1 thread, checksum=-0.625)
RESULT {"impl":"rust","mode":"event","seq_len":64,"batch_size":8,"iters":60,"tokens":30720,"sec":1.4022,"tokens_per_sec":21908.7,"finite":true,"firing_rate":0.070948,"mac_per_token":{"block_dense":1327104,"block_exec":214707,"head":194688,"attn_state":82944,"total_dense":1604736,"total_exec":492339},"skippable_block":0.838214,"skippable_total":0.693196}
RESULT {"impl":"rust","mode":"spiking-dense","seq_len":64,"batch_size":8,"iters":60,"tokens":30720,"sec":2.3769,"tokens_per_sec":12924.4,"finite":true,"firing_rate":0.070948,"mac_per_token":{"block_dense":1327104,"block_exec":1327104,"head":194688,"attn_state":82944,"total_dense":1604736,"total_exec":1604736},"skippable_block":0.000000,"skippable_total":0.000000}
RESULT {"impl":"rust","mode":"dense","seq_len":64,"batch_size":8,"iters":60,"tokens":30720,"sec":2.2425,"tokens_per_sec":13699.1,"finite":true,"firing_rate":0.000000,"mac_per_token":{"block_dense":1327104,"block_exec":1327104,"head":194688,"attn_state":37440,"total_dense":1559232,"total_exec":1559232},"skippable_block":0.000000,"skippable_total":0.000000}
CALIB rust linear_dense_t 64x192x768: 15.65 GFLOPS (1 thread, checksum=-0.625)
RESULT {"impl":"rust","mode":"event","seq_len":64,"batch_size":8,"iters":60,"tokens":30720,"sec":1.4796,"tokens_per_sec":20762.3,"finite":true,"firing_rate":0.084166,"mac_per_token":{"block_dense":1327104,"block_exec":230780,"head":194688,"attn_state":82944,"total_dense":1604736,"total_exec":508412},"skippable_block":0.826103,"skippable_total":0.683181}
RESULT {"impl":"rust","mode":"spiking-dense","seq_len":64,"batch_size":8,"iters":60,"tokens":30720,"sec":2.3817,"tokens_per_sec":12898.1,"finite":true,"firing_rate":0.084166,"mac_per_token":{"block_dense":1327104,"block_exec":1327104,"head":194688,"attn_state":82944,"total_dense":1604736,"total_exec":1604736},"skippable_block":0.000000,"skippable_total":0.000000}
RESULT {"impl":"rust","mode":"dense","seq_len":64,"batch_size":8,"iters":60,"tokens":30720,"sec":2.7424,"tokens_per_sec":11201.8,"finite":true,"firing_rate":0.000000,"mac_per_token":{"block_dense":1327104,"block_exec":1327104,"head":194688,"attn_state":37440,"total_dense":1559232,"total_exec":1559232},"skippable_block":0.000000,"skippable_total":0.000000}
CALIB rust linear_dense_t 64x192x768: 48.32 GFLOPS (1 thread, checksum=-0.625)
RESULT {"impl":"rust","mode":"event","seq_len":64,"batch_size":8,"iters":60,"tokens":30720,"sec":1.3787,"tokens_per_sec":22282.5,"finite":true,"firing_rate":0.070948,"mac_per_token":{"block_dense":1327104,"block_exec":214707,"head":194688,"attn_state":82944,"total_dense":1604736,"total_exec":492339},"skippable_block":0.838214,"skippable_total":0.693196}
RESULT {"impl":"rust","mode":"spiking-dense","seq_len":64,"batch_size":8,"iters":60,"tokens":30720,"sec":2.8483,"tokens_per_sec":10785.6,"finite":true,"firing_rate":0.070948,"mac_per_token":{"block_dense":1327104,"block_exec":1327104,"head":194688,"attn_state":82944,"total_dense":1604736,"total_exec":1604736},"skippable_block":0.000000,"skippable_total":0.000000}
RESULT {"impl":"rust","mode":"dense","seq_len":64,"batch_size":8,"iters":60,"tokens":30720,"sec":2.2856,"tokens_per_sec":13440.9,"finite":true,"firing_rate":0.000000,"mac_per_token":{"block_dense":1327104,"block_exec":1327104,"head":194688,"attn_state":37440,"total_dense":1559232,"total_exec":1559232},"skippable_block":0.000000,"skippable_total":0.000000}
RESULT {"impl": "pytorch", "mode": "spiking", "threads": 1, "tokens": 5120, "sec": 0.5, "tokens_per_sec": 10236.1}
RESULT {"impl": "pytorch", "mode": "dense", "threads": 1, "tokens": 30720, "sec": 1.092, "tokens_per_sec": 28133.1}
CALIB torch linear 64x192x768: 108.49 GFLOPS (1 threads)
