seed=0 noise=0.02 N=   100     cortex: 1.0000 (β=100000, k=40)
seed=0 noise=0.02 N=   100       dict: 1.0000 (β=0, k=40)
seed=0 noise=0.02 N=   100        sdr: 0.9100 (β=10000, k=640, margin=0.00011, 保存率=0.991)
seed=0 noise=0.02 N=   100   sdr-hebb: 0.1000 (β=1000, k=160, margin=0.00011, 保存率=0.997)
seed=0 noise=0.02 N=   100      spike: 0.9900 (β=100, k=40, margin=0.00078, 保存率=0.978)
seed=0 noise=0.02 N=   100 spike-stdp: 0.9900 (β=100, k=40, margin=0.00116, 保存率=0.985)
seed=0 noise=0.02 N=   100 dense-hebb: 1.0000 (β=100000, k=40)
seed=0 noise=0.02 N=   100       none: 0.0100 (β=0, k=40)
seed=0 noise=0.02 N=  1000     cortex: 1.0000 (β=100000, k=40)
seed=0 noise=0.02 N=  1000       dict: 1.0000 (β=0, k=40)
seed=0 noise=0.02 N=  1000        sdr: 0.6240 (β=100000, k=640, margin=0.00011, 保存率=0.991)
seed=0 noise=0.02 N=  1000   sdr-hebb: 0.0310 (β=1e+06, k=640, margin=0.00006, 保存率=0.998)
seed=0 noise=0.02 N=  1000      spike: 0.9760 (β=100, k=40, margin=0.00059, 保存率=0.975)
seed=0 noise=0.02 N=  1000 spike-stdp: 0.9760 (β=100, k=160, margin=0.00017, 保存率=0.986)
seed=0 noise=0.02 N=  1000 dense-hebb: 1.0000 (β=100000, k=40)
seed=0 noise=0.02 N=  1000       none: 0.0190 (β=0, k=40)
seed=0 noise=0.02 N= 10000     cortex: 1.0000 (β=100000, k=40)
seed=0 noise=0.02 N= 10000       dict: 1.0000 (β=0, k=40)
seed=0 noise=0.02 N= 10000        sdr: 0.3607 (β=1e+06, k=640, margin=0.00011, 保存率=0.991)
seed=0 noise=0.02 N= 10000   sdr-hebb: 0.0185 (β=10000, k=640, margin=0.00006, 保存率=0.998)
seed=0 noise=0.02 N= 10000      spike: 0.8717 (β=100, k=40, margin=0.00063, 保存率=0.974)
seed=0 noise=0.02 N= 10000 spike-stdp: 0.8717 (β=100, k=160, margin=0.00017, 保存率=0.986)
seed=0 noise=0.02 N= 10000 dense-hebb: 1.0000 (β=1e+06, k=40)
seed=0 noise=0.02 N= 10000       none: 0.0146 (β=0, k=40)
seed=0 noise=0.1 N=   100     cortex: 0.8200 (β=100000, k=40)
seed=0 noise=0.1 N=   100       dict: 0.8100 (β=0, k=40)
seed=0 noise=0.1 N=   100        sdr: 0.0600 (β=1000, k=160, margin=0.00022, 保存率=0.928)
seed=0 noise=0.1 N=   100   sdr-hebb: 0.0600 (β=1000, k=160, margin=0.00010, 保存率=0.982)
seed=0 noise=0.1 N=   100      spike: 1.0000 (β=100, k=40, margin=0.00065, 保存率=0.882)
seed=0 noise=0.1 N=   100 spike-stdp: 1.0000 (β=1000, k=40, margin=0.00127, 保存率=0.938)
seed=0 noise=0.1 N=   100 dense-hebb: 0.8000 (β=1e+06, k=40)
seed=0 noise=0.1 N=   100       none: 0.0200 (β=0, k=40)
seed=0 noise=0.1 N=  1000     cortex: 0.5650 (β=100000, k=40)
seed=0 noise=0.1 N=  1000       dict: 0.5640 (β=0, k=40)
seed=0 noise=0.1 N=  1000        sdr: 0.0550 (β=10000, k=640, margin=0.00011, 保存率=0.956)
seed=0 noise=0.1 N=  1000   sdr-hebb: 0.0140 (β=10000, k=640, margin=0.00006, 保存率=0.992)
seed=0 noise=0.1 N=  1000      spike: 0.9870 (β=1000, k=160, margin=0.00024, 保存率=0.925)
seed=0 noise=0.1 N=  1000 spike-stdp: 0.9870 (β=100, k=160, margin=0.00018, 保存率=0.935)
seed=0 noise=0.1 N=  1000 dense-hebb: 0.5390 (β=1e+06, k=40)
seed=0 noise=0.1 N=  1000       none: 0.0090 (β=0, k=40)
seed=0 noise=0.1 N= 10000     cortex: 0.3235 (β=100000, k=40)
seed=0 noise=0.1 N= 10000       dict: 0.3234 (β=0, k=40)
seed=0 noise=0.1 N= 10000        sdr: 0.0211 (β=1e+06, k=640, margin=0.00011, 保存率=0.956)
seed=0 noise=0.1 N= 10000   sdr-hebb: 0.0170 (β=1000, k=40, margin=0.00017, 保存率=0.978)
seed=0 noise=0.1 N= 10000      spike: 0.8721 (β=1000, k=640, margin=0.00010, 保存率=0.955)
seed=0 noise=0.1 N= 10000 spike-stdp: 0.8717 (β=1000, k=160, margin=0.00017, 保存率=0.934)
seed=0 noise=0.1 N= 10000 dense-hebb: 0.2825 (β=1e+06, k=40)
seed=0 noise=0.1 N= 10000       none: 0.0148 (β=0, k=40)
seed=1 noise=0.02 N=   100     cortex: 1.0000 (β=100000, k=40)
seed=1 noise=0.02 N=   100       dict: 1.0000 (β=0, k=40)
seed=1 noise=0.02 N=   100        sdr: 0.8400 (β=10000, k=640, margin=0.00008, 保存率=0.991)
seed=1 noise=0.02 N=   100   sdr-hebb: 0.0700 (β=1000, k=160, margin=0.00016, 保存率=0.998)
seed=1 noise=0.02 N=   100      spike: 1.0000 (β=100, k=40, margin=0.00078, 保存率=0.977)
seed=1 noise=0.02 N=   100 spike-stdp: 1.0000 (β=100, k=40, margin=0.00121, 保存率=0.985)
seed=1 noise=0.02 N=   100 dense-hebb: 1.0000 (β=100000, k=40)
seed=1 noise=0.02 N=   100       none: 0.0200 (β=0, k=40)
seed=1 noise=0.02 N=  1000     cortex: 1.0000 (β=100000, k=40)
seed=1 noise=0.02 N=  1000       dict: 1.0000 (β=0, k=40)
seed=1 noise=0.02 N=  1000        sdr: 0.6250 (β=1e+06, k=640, margin=0.00009, 保存率=0.991)
seed=1 noise=0.02 N=  1000   sdr-hebb: 0.0190 (β=10000, k=640, margin=0.00021, 保存率=0.999)
seed=1 noise=0.02 N=  1000      spike: 0.9700 (β=100, k=40, margin=0.00072, 保存率=0.978)
seed=1 noise=0.02 N=  1000 spike-stdp: 0.9700 (β=100, k=160, margin=0.00015, 保存率=0.982)
seed=1 noise=0.02 N=  1000 dense-hebb: 1.0000 (β=1e+06, k=40)
seed=1 noise=0.02 N=  1000       none: 0.0160 (β=0, k=40)
seed=1 noise=0.02 N= 10000     cortex: 1.0000 (β=100000, k=40)
seed=1 noise=0.02 N= 10000       dict: 1.0000 (β=0, k=40)
seed=1 noise=0.02 N= 10000        sdr: 0.3268 (β=1e+06, k=640, margin=0.00010, 保存率=0.991)
seed=1 noise=0.02 N= 10000   sdr-hebb: 0.0149 (β=10000, k=640, margin=0.00020, 保存率=0.998)
seed=1 noise=0.02 N= 10000      spike: 0.8658 (β=100, k=160, margin=0.00024, 保存率=0.984)
seed=1 noise=0.02 N= 10000 spike-stdp: 0.8658 (β=100, k=160, margin=0.00015, 保存率=0.982)
seed=1 noise=0.02 N= 10000 dense-hebb: 1.0000 (β=1e+06, k=40)
seed=1 noise=0.02 N= 10000       none: 0.0143 (β=0, k=40)
seed=1 noise=0.1 N=   100     cortex: 0.7400 (β=100000, k=40)
seed=1 noise=0.1 N=   100       dict: 0.7400 (β=0, k=40)
seed=1 noise=0.1 N=   100        sdr: 0.1500 (β=10000, k=640, margin=0.00010, 保存率=0.953)
seed=1 noise=0.1 N=   100   sdr-hebb: 0.0100 (β=100, k=40, margin=0.00025, 保存率=0.986)
seed=1 noise=0.1 N=   100      spike: 0.9800 (β=100, k=40, margin=0.00088, 保存率=0.901)
seed=1 noise=0.1 N=   100 spike-stdp: 0.9800 (β=100, k=40, margin=0.00110, 保存率=0.932)
seed=1 noise=0.1 N=   100 dense-hebb: 0.7100 (β=1e+06, k=40)
seed=1 noise=0.1 N=   100       none: 0.0000 (β=0, k=40)
seed=1 noise=0.1 N=  1000     cortex: 0.5350 (β=1e+06, k=40)
seed=1 noise=0.1 N=  1000       dict: 0.5360 (β=0, k=40)
seed=1 noise=0.1 N=  1000        sdr: 0.0360 (β=1000, k=160, margin=0.00016, 保存率=0.906)
seed=1 noise=0.1 N=  1000   sdr-hebb: 0.0170 (β=10000, k=640, margin=0.00020, 保存率=0.992)
seed=1 noise=0.1 N=  1000      spike: 0.9780 (β=100, k=160, margin=0.00025, 保存率=0.925)
seed=1 noise=0.1 N=  1000 spike-stdp: 0.9780 (β=100, k=160, margin=0.00015, 保存率=0.915)
seed=1 noise=0.1 N=  1000 dense-hebb: 0.4760 (β=1e+06, k=40)
seed=1 noise=0.1 N=  1000       none: 0.0140 (β=0, k=40)
seed=1 noise=0.1 N= 10000     cortex: 0.2889 (β=1e+06, k=40)
seed=1 noise=0.1 N= 10000       dict: 0.2891 (β=0, k=40)
seed=1 noise=0.1 N= 10000        sdr: 0.0211 (β=1e+06, k=640, margin=0.00010, 保存率=0.954)
seed=1 noise=0.1 N= 10000   sdr-hebb: 0.0149 (β=10000, k=640, margin=0.00020, 保存率=0.992)
seed=1 noise=0.1 N= 10000      spike: 0.8625 (β=1000, k=640, margin=0.00010, 保存率=0.953)
seed=1 noise=0.1 N= 10000 spike-stdp: 0.8625 (β=1000, k=160, margin=0.00015, 保存率=0.915)
seed=1 noise=0.1 N= 10000 dense-hebb: 0.2493 (β=1e+06, k=40)
seed=1 noise=0.1 N= 10000       none: 0.0139 (β=0, k=40)
seed=2 noise=0.02 N=   100     cortex: 1.0000 (β=100000, k=40)
seed=2 noise=0.02 N=   100       dict: 1.0000 (β=0, k=40)
seed=2 noise=0.02 N=   100        sdr: 0.8800 (β=10000, k=640, margin=0.00012, 保存率=0.992)
seed=2 noise=0.02 N=   100   sdr-hebb: 0.0400 (β=100, k=40, margin=0.00034, 保存率=0.997)
seed=2 noise=0.02 N=   100      spike: 1.0000 (β=100, k=40, margin=0.00079, 保存率=0.976)
seed=2 noise=0.02 N=   100 spike-stdp: 1.0000 (β=100, k=40, margin=0.00081, 保存率=0.980)
seed=2 noise=0.02 N=   100 dense-hebb: 1.0000 (β=100000, k=40)
seed=2 noise=0.02 N=   100       none: 0.0400 (β=0, k=40)
seed=2 noise=0.02 N=  1000     cortex: 1.0000 (β=100000, k=40)
seed=2 noise=0.02 N=  1000       dict: 1.0000 (β=0, k=40)
seed=2 noise=0.02 N=  1000        sdr: 0.5960 (β=100000, k=640, margin=0.00011, 保存率=0.992)
seed=2 noise=0.02 N=  1000   sdr-hebb: 0.0170 (β=100, k=40, margin=0.00032, 保存率=0.996)
seed=2 noise=0.02 N=  1000      spike: 0.9980 (β=100, k=40, margin=0.00073, 保存率=0.977)
seed=2 noise=0.02 N=  1000 spike-stdp: 0.9980 (β=100, k=40, margin=0.00082, 保存率=0.979)
seed=2 noise=0.02 N=  1000 dense-hebb: 1.0000 (β=100000, k=40)
seed=2 noise=0.02 N=  1000       none: 0.0170 (β=0, k=40)
seed=2 noise=0.02 N= 10000     cortex: 1.0000 (β=100000, k=40)
seed=2 noise=0.02 N= 10000       dict: 1.0000 (β=0, k=40)
seed=2 noise=0.02 N= 10000        sdr: 0.3467 (β=100000, k=640, margin=0.00011, 保存率=0.992)
seed=2 noise=0.02 N= 10000   sdr-hebb: 0.0174 (β=1000, k=40, margin=0.00031, 保存率=0.996)
seed=2 noise=0.02 N= 10000      spike: 0.9891 (β=100, k=40, margin=0.00073, 保存率=0.978)
seed=2 noise=0.02 N= 10000 spike-stdp: 0.9891 (β=100, k=40, margin=0.00081, 保存率=0.979)
seed=2 noise=0.02 N= 10000 dense-hebb: 1.0000 (β=1e+06, k=40)
seed=2 noise=0.02 N= 10000       none: 0.0172 (β=0, k=40)
seed=2 noise=0.1 N=   100     cortex: 0.8600 (β=100000, k=40)
seed=2 noise=0.1 N=   100       dict: 0.8600 (β=0, k=40)
seed=2 noise=0.1 N=   100        sdr: 0.1500 (β=10000, k=640, margin=0.00012, 保存率=0.955)
seed=2 noise=0.1 N=   100   sdr-hebb: 0.0100 (β=100, k=40, margin=0.00032, 保存率=0.979)
seed=2 noise=0.1 N=   100      spike: 1.0000 (β=100, k=40, margin=0.00076, 保存率=0.904)
seed=2 noise=0.1 N=   100 spike-stdp: 1.0000 (β=100, k=40, margin=0.00095, 保存率=0.908)
seed=2 noise=0.1 N=   100 dense-hebb: 0.8500 (β=1e+06, k=40)
seed=2 noise=0.1 N=   100       none: 0.0100 (β=0, k=40)
seed=2 noise=0.1 N=  1000     cortex: 0.6200 (β=1e+06, k=40)
seed=2 noise=0.1 N=  1000       dict: 0.6200 (β=0, k=40)
seed=2 noise=0.1 N=  1000        sdr: 0.0420 (β=1e+06, k=640, margin=0.00011, 保存率=0.956)
seed=2 noise=0.1 N=  1000   sdr-hebb: 0.0200 (β=1000, k=640, margin=0.00030, 保存率=0.992)
seed=2 noise=0.1 N=  1000      spike: 1.0000 (β=100, k=40, margin=0.00073, 保存率=0.898)
seed=2 noise=0.1 N=  1000 spike-stdp: 1.0000 (β=100, k=160, margin=0.00016, 保存率=0.916)
seed=2 noise=0.1 N=  1000 dense-hebb: 0.5760 (β=1e+06, k=40)
seed=2 noise=0.1 N=  1000       none: 0.0180 (β=0, k=40)
seed=2 noise=0.1 N= 10000     cortex: 0.3628 (β=1e+06, k=40)
seed=2 noise=0.1 N= 10000       dict: 0.3630 (β=0, k=40)
seed=2 noise=0.1 N= 10000        sdr: 0.0204 (β=10000, k=640, margin=0.00011, 保存率=0.957)
seed=2 noise=0.1 N= 10000   sdr-hebb: 0.0159 (β=10000, k=640, margin=0.00030, 保存率=0.992)
seed=2 noise=0.1 N= 10000      spike: 0.9866 (β=100, k=160, margin=0.00025, 保存率=0.926)
seed=2 noise=0.1 N= 10000 spike-stdp: 0.9866 (β=100, k=160, margin=0.00015, 保存率=0.915)
seed=2 noise=0.1 N= 10000 dense-hebb: 0.3242 (β=1e+06, k=40)
seed=2 noise=0.1 N= 10000       none: 0.0156 (β=0, k=40)
seed=3 noise=0.02 N=   100     cortex: 1.0000 (β=10000, k=40)
seed=3 noise=0.02 N=   100       dict: 1.0000 (β=0, k=40)
seed=3 noise=0.02 N=   100        sdr: 0.8300 (β=1e+06, k=640, margin=0.00010, 保存率=0.991)
seed=3 noise=0.02 N=   100   sdr-hebb: 0.0400 (β=100, k=40, margin=0.00040, 保存率=0.996)
seed=3 noise=0.02 N=   100      spike: 1.0000 (β=100, k=40, margin=0.00065, 保存率=0.980)
seed=3 noise=0.02 N=   100 spike-stdp: 1.0000 (β=100, k=40, margin=0.00143, 保存率=0.987)
seed=3 noise=0.02 N=   100 dense-hebb: 1.0000 (β=100000, k=40)
seed=3 noise=0.02 N=   100       none: 0.0400 (β=0, k=40)
seed=3 noise=0.02 N=  1000     cortex: 1.0000 (β=100000, k=40)
seed=3 noise=0.02 N=  1000       dict: 1.0000 (β=0, k=40)
seed=3 noise=0.02 N=  1000        sdr: 0.5760 (β=10000, k=640, margin=0.00010, 保存率=0.991)
seed=3 noise=0.02 N=  1000   sdr-hebb: 0.0160 (β=1000, k=160, margin=0.00041, 保存率=0.999)
seed=3 noise=0.02 N=  1000      spike: 0.9930 (β=100, k=40, margin=0.00070, 保存率=0.976)
seed=3 noise=0.02 N=  1000 spike-stdp: 0.9930 (β=1000, k=160, margin=0.00058, 保存率=0.996)
seed=3 noise=0.02 N=  1000 dense-hebb: 1.0000 (β=1e+06, k=40)
seed=3 noise=0.02 N=  1000       none: 0.0150 (β=0, k=40)
seed=3 noise=0.02 N= 10000     cortex: 1.0000 (β=100000, k=40)
seed=3 noise=0.02 N= 10000       dict: 1.0000 (β=0, k=40)
seed=3 noise=0.02 N= 10000        sdr: 0.3229 (β=10000, k=640, margin=0.00010, 保存率=0.991)
seed=3 noise=0.02 N= 10000   sdr-hebb: 0.0143 (β=100, k=40, margin=0.00040, 保存率=0.997)
seed=3 noise=0.02 N= 10000      spike: 0.9466 (β=100, k=40, margin=0.00072, 保存率=0.977)
seed=3 noise=0.02 N= 10000 spike-stdp: 0.9458 (β=1000, k=160, margin=0.00056, 保存率=0.995)
seed=3 noise=0.02 N= 10000 dense-hebb: 1.0000 (β=1e+06, k=40)
seed=3 noise=0.02 N= 10000       none: 0.0143 (β=0, k=40)
seed=3 noise=0.1 N=   100     cortex: 0.8900 (β=100000, k=40)
seed=3 noise=0.1 N=   100       dict: 0.8900 (β=0, k=40)
seed=3 noise=0.1 N=   100        sdr: 0.1600 (β=1e+06, k=640, margin=0.00011, 保存率=0.954)
seed=3 noise=0.1 N=   100   sdr-hebb: 0.0100 (β=100, k=40, margin=0.00043, 保存率=0.993)
seed=3 noise=0.1 N=   100      spike: 1.0000 (β=100, k=40, margin=0.00077, 保存率=0.898)
seed=3 noise=0.1 N=   100 spike-stdp: 0.9900 (β=100, k=40, margin=0.00187, 保存率=0.952)
seed=3 noise=0.1 N=   100 dense-hebb: 0.8900 (β=1e+06, k=40)
seed=3 noise=0.1 N=   100       none: 0.0100 (β=0, k=40)
seed=3 noise=0.1 N=  1000     cortex: 0.5630 (β=1e+06, k=40)
seed=3 noise=0.1 N=  1000       dict: 0.5620 (β=0, k=40)
seed=3 noise=0.1 N=  1000        sdr: 0.0440 (β=10000, k=640, margin=0.00010, 保存率=0.953)
seed=3 noise=0.1 N=  1000   sdr-hebb: 0.0200 (β=100, k=40, margin=0.00041, 保存率=0.988)
seed=3 noise=0.1 N=  1000      spike: 0.9920 (β=100, k=160, margin=0.00024, 保存率=0.923)
seed=3 noise=0.1 N=  1000 spike-stdp: 0.9870 (β=1000, k=160, margin=0.00055, 保存率=0.979)
seed=3 noise=0.1 N=  1000 dense-hebb: 0.5100 (β=1e+06, k=40)
seed=3 noise=0.1 N=  1000       none: 0.0220 (β=0, k=40)
seed=3 noise=0.1 N= 10000     cortex: 0.3022 (β=1e+06, k=40)
seed=3 noise=0.1 N= 10000       dict: 0.3023 (β=0, k=40)
seed=3 noise=0.1 N= 10000        sdr: 0.0224 (β=10000, k=640, margin=0.00010, 保存率=0.953)
seed=3 noise=0.1 N= 10000   sdr-hebb: 0.0164 (β=100, k=40, margin=0.00041, 保存率=0.987)
seed=3 noise=0.1 N= 10000      spike: 0.9486 (β=1000, k=640, margin=0.00010, 保存率=0.956)
seed=3 noise=0.1 N= 10000 spike-stdp: 0.9164 (β=1e+06, k=160, margin=0.00057, 保存率=0.979)
seed=3 noise=0.1 N= 10000 dense-hebb: 0.2667 (β=1e+06, k=40)
seed=3 noise=0.1 N= 10000       none: 0.0170 (β=0, k=40)
seed=4 noise=0.02 N=   100     cortex: 1.0000 (β=100000, k=40)
seed=4 noise=0.02 N=   100       dict: 1.0000 (β=0, k=40)
seed=4 noise=0.02 N=   100        sdr: 0.8600 (β=1e+06, k=640, margin=0.00009, 保存率=0.990)
seed=4 noise=0.02 N=   100   sdr-hebb: 0.0100 (β=100, k=40, margin=0.00032, 保存率=0.997)
seed=4 noise=0.02 N=   100      spike: 1.0000 (β=100, k=40, margin=0.00085, 保存率=0.978)
seed=4 noise=0.02 N=   100 spike-stdp: 1.0000 (β=100, k=40, margin=0.00148, 保存率=0.990)
seed=4 noise=0.02 N=   100 dense-hebb: 1.0000 (β=100000, k=40)
seed=4 noise=0.02 N=   100       none: 0.0000 (β=0, k=40)
seed=4 noise=0.02 N=  1000     cortex: 1.0000 (β=100000, k=40)
seed=4 noise=0.02 N=  1000       dict: 1.0000 (β=0, k=40)
seed=4 noise=0.02 N=  1000        sdr: 0.5920 (β=1e+06, k=640, margin=0.00009, 保存率=0.990)
seed=4 noise=0.02 N=  1000   sdr-hebb: 0.0170 (β=1000, k=160, margin=0.00026, 保存率=0.997)
seed=4 noise=0.02 N=  1000      spike: 0.9870 (β=100, k=40, margin=0.00079, 保存率=0.979)
seed=4 noise=0.02 N=  1000 spike-stdp: 0.9840 (β=1000, k=40, margin=0.00145, 保存率=0.988)
seed=4 noise=0.02 N=  1000 dense-hebb: 1.0000 (β=1e+06, k=40)
seed=4 noise=0.02 N=  1000       none: 0.0170 (β=0, k=40)
seed=4 noise=0.02 N= 10000     cortex: 1.0000 (β=100000, k=40)
seed=4 noise=0.02 N= 10000       dict: 1.0000 (β=0, k=40)
seed=4 noise=0.02 N= 10000        sdr: 0.3564 (β=100000, k=640, margin=0.00009, 保存率=0.990)
seed=4 noise=0.02 N= 10000   sdr-hebb: 0.0122 (β=10000, k=640, margin=0.00026, 保存率=0.998)
seed=4 noise=0.02 N= 10000      spike: 0.9387 (β=1e+06, k=640, margin=0.00010, 保存率=0.991)
seed=4 noise=0.02 N= 10000 spike-stdp: 0.9238 (β=100000, k=160, margin=0.00096, 保存率=0.997)
seed=4 noise=0.02 N= 10000 dense-hebb: 1.0000 (β=1e+06, k=40)
seed=4 noise=0.02 N= 10000       none: 0.0163 (β=0, k=40)
seed=4 noise=0.1 N=   100     cortex: 0.7200 (β=1e+06, k=40)
seed=4 noise=0.1 N=   100       dict: 0.7200 (β=0, k=40)
seed=4 noise=0.1 N=   100        sdr: 0.1300 (β=10000, k=640, margin=0.00011, 保存率=0.953)
seed=4 noise=0.1 N=   100   sdr-hebb: 0.0000 (β=100, k=40, margin=0.00026, 保存率=0.987)
seed=4 noise=0.1 N=   100      spike: 1.0000 (β=100, k=40, margin=0.00071, 保存率=0.905)
seed=4 noise=0.1 N=   100 spike-stdp: 0.9800 (β=100, k=40, margin=0.00135, 保存率=0.943)
seed=4 noise=0.1 N=   100 dense-hebb: 0.6800 (β=1e+06, k=40)
seed=4 noise=0.1 N=   100       none: 0.0100 (β=0, k=40)
seed=4 noise=0.1 N=  1000     cortex: 0.5080 (β=100000, k=40)
seed=4 noise=0.1 N=  1000       dict: 0.5070 (β=0, k=40)
seed=4 noise=0.1 N=  1000        sdr: 0.0380 (β=10000, k=640, margin=0.00009, 保存率=0.953)
seed=4 noise=0.1 N=  1000   sdr-hebb: 0.0140 (β=100, k=40, margin=0.00028, 保存率=0.992)
seed=4 noise=0.1 N=  1000      spike: 0.9980 (β=100000, k=160, margin=0.00023, 保存率=0.923)
seed=4 noise=0.1 N=  1000 spike-stdp: 0.9160 (β=1000, k=40, margin=0.00150, 保存率=0.946)
seed=4 noise=0.1 N=  1000 dense-hebb: 0.4580 (β=1e+06, k=40)
seed=4 noise=0.1 N=  1000       none: 0.0200 (β=0, k=40)
seed=4 noise=0.1 N= 10000     cortex: 0.2726 (β=1e+06, k=40)
seed=4 noise=0.1 N= 10000       dict: 0.2728 (β=0, k=40)
seed=4 noise=0.1 N= 10000        sdr: 0.0208 (β=1e+06, k=640, margin=0.00009, 保存率=0.953)
seed=4 noise=0.1 N= 10000   sdr-hebb: 0.0148 (β=100, k=40, margin=0.00028, 保存率=0.991)
seed=4 noise=0.1 N= 10000      spike: 0.9352 (β=100, k=160, margin=0.00023, 保存率=0.923)
seed=4 noise=0.1 N= 10000 spike-stdp: 0.7600 (β=100000, k=40, margin=0.00145, 保存率=0.945)
seed=4 noise=0.1 N= 10000 dense-hebb: 0.2388 (β=1e+06, k=40)
seed=4 noise=0.1 N= 10000       none: 0.0140 (β=0, k=40)

チャンスレベル 0.0156 / 書き出し: results/hippocampus/stdp_curve.json
--- 手がかり劣化 0.02
    cortex  N=100:1.000  N=1000:1.000  N=10000:1.000
      dict  N=100:1.000  N=1000:1.000  N=10000:1.000
       sdr  N=100:0.864  N=1000:0.603  N=10000:0.343
  sdr-hebb  N=100:0.052  N=1000:0.020  N=10000:0.015
     spike  N=100:0.998  N=1000:0.985  N=10000:0.922
spike-stdp  N=100:0.998  N=1000:0.984  N=10000:0.919
dense-hebb  N=100:1.000  N=1000:1.000  N=10000:1.000
      none  N=100:0.022  N=1000:0.017  N=10000:0.015
--- 手がかり劣化 0.1
    cortex  N=100:0.806  N=1000:0.558  N=10000:0.310
      dict  N=100:0.804  N=1000:0.558  N=10000:0.310
       sdr  N=100:0.130  N=1000:0.043  N=10000:0.021
  sdr-hebb  N=100:0.018  N=1000:0.017  N=10000:0.016
     spike  N=100:0.996  N=1000:0.991  N=10000:0.921
spike-stdp  N=100:0.990  N=1000:0.974  N=10000:0.879
dense-hebb  N=100:0.786  N=1000:0.512  N=10000:0.272
      none  N=100:0.010  N=1000:0.017  N=10000:0.015
