[sweep] spiking beta=0.5   N=4   mean_acc=0.9816 (保持時間の目安 2.0) (26s)
[sweep] spiking beta=0.5   N=8   mean_acc=0.8875 (保持時間の目安 2.0) (34s)
[sweep] spiking beta=0.5   N=16  mean_acc=0.6242 (保持時間の目安 2.0) (54s)
[sweep] spiking beta=0.5   N=32  mean_acc=0.1956 (保持時間の目安 2.0) (103s)
[sweep] spiking beta=0.5   N=64  mean_acc=0.1286 (保持時間の目安 2.0) (237s)
[sweep] spiking beta=0.7   N=4   mean_acc=0.9969 (保持時間の目安 3.3) (33s)
[sweep] spiking beta=0.7   N=8   mean_acc=0.8939 (保持時間の目安 3.3) (51s)
[sweep] spiking beta=0.7   N=16  mean_acc=0.2054 (保持時間の目安 3.3) (80s)
[sweep] spiking beta=0.7   N=32  mean_acc=0.1341 (保持時間の目安 3.3) (143s)
[sweep] spiking beta=0.7   N=64  mean_acc=0.1190 (保持時間の目安 3.3) (251s)
[sweep] spiking beta=0.9   N=4   mean_acc=1.0000 (保持時間の目安 10.0) (39s)
[sweep] spiking beta=0.9   N=8   mean_acc=0.9954 (保持時間の目安 10.0) (60s)
[sweep] spiking beta=0.9   N=16  mean_acc=0.9279 (保持時間の目安 10.0) (95s)
[sweep] spiking beta=0.9   N=32  mean_acc=0.4095 (保持時間の目安 10.0) (160s)
[sweep] spiking beta=0.9   N=64  mean_acc=0.1274 (保持時間の目安 10.0) (199s)
[sweep] spiking beta=0.95  N=4   mean_acc=1.0000 (保持時間の目安 20.0) (25s)
[sweep] spiking beta=0.95  N=8   mean_acc=0.9977 (保持時間の目安 20.0) (35s)
[sweep] spiking beta=0.95  N=16  mean_acc=0.9902 (保持時間の目安 20.0) (67s)
[sweep] spiking beta=0.95  N=32  mean_acc=0.9497 (保持時間の目安 20.0) (165s)
[sweep] spiking beta=0.95  N=64  mean_acc=0.3143 (保持時間の目安 20.0) (153s)
[sweep] spiking beta=0.99  N=4   mean_acc=1.0000 (保持時間の目安 100.0) (11s)
[sweep] spiking beta=0.99  N=8   mean_acc=0.9982 (保持時間の目安 100.0) (17s)
[sweep] spiking beta=0.99  N=16  mean_acc=0.9963 (保持時間の目安 100.0) (28s)
[sweep] spiking beta=0.99  N=32  mean_acc=0.9963 (保持時間の目安 100.0) (50s)
[sweep] spiking beta=0.99  N=64  mean_acc=0.9590 (保持時間の目安 100.0) (218s)
保存: results/delay_sweep.json
